Using device: cuda
Network: 1,817,021 parameters
/root/alphago-zero/training/trainer.py:248: FutureWarning: `torch.cuda.amp.GradScaler(args...)` is deprecated. Please use `torch.amp.GradScaler('cuda', args...)` instead.
  scaler = GradScaler() if config.use_mixed_precision and device.type == "cuda" else None
Logging to: runs/b9_n6_f128/
  View dashboard: tensorboard --logdir runs/

============================================================
  Iteration 1/200  (lr=0.010000)
============================================================

  Phase 1: Self-play
  (parallel: 64 games batched)
  Completed 10/100 games (0.2 games/min)
  Completed 20/100 games (0.3 games/min)
  Completed 30/100 games (0.4 games/min)
  Completed 40/100 games (0.5 games/min)
  Completed 50/100 games (0.6 games/min)
  Completed 60/100 games (0.6 games/min)
  Completed 70/100 games (0.6 games/min)
  Completed 80/100 games (0.6 games/min)
  Completed 90/100 games (0.6 games/min)
  Completed 100/100 games (0.6 games/min)
  Generated 100 games in 154.7s (38.8 games/min)
  Avg 124 moves, black won 59/100
  Added 99320 positions (buffer: 50000/50000)
  Self-play time: 154.7s
  Memory after self-play cleanup: RSS=1283MB, CUDA=16MB

  Phase 2: Training (3 epochs)
/root/alphago-zero/training/trainer.py:87: FutureWarning: `torch.cuda.amp.autocast(args...)` is deprecated. Please use `torch.amp.autocast('cuda', args...)` instead.
  with autocast():
    Epoch 1: policy=4.3740 value=0.3848 total=4.7588
    Epoch 2: policy=4.2414 value=0.1272 total=4.3686
    Epoch 3: policy=4.0656 value=0.0920 total=4.1575
  Training time: 5.2s

  Iteration time: 161.0s

============================================================
  Iteration 2/200  (lr=0.010000)
============================================================

  Phase 1: Self-play
  (parallel: 64 games batched)
  Completed 10/100 games (0.2 games/min)
  Completed 20/100 games (0.4 games/min)
  Completed 30/100 games (0.5 games/min)
  Completed 40/100 games (0.7 games/min)
  Completed 50/100 games (0.8 games/min)
  Completed 60/100 games (0.9 games/min)
  Completed 70/100 games (0.6 games/min)
  Completed 80/100 games (0.7 games/min)
  Completed 90/100 games (0.8 games/min)
  Completed 100/100 games (0.8 games/min)
  Generated 100 games in 118.8s (50.5 games/min)
  Avg 98 moves, black won 44/100
  Added 78720 positions (buffer: 50000/50000)
  Self-play time: 118.9s
  Memory after self-play cleanup: RSS=1809MB, CUDA=47MB

  Phase 2: Training (3 epochs)
    Epoch 1: policy=4.0558 value=0.4078 total=4.4636
    Epoch 2: policy=3.7670 value=0.1427 total=3.9097
    Epoch 3: policy=3.4817 value=0.1135 total=3.5952
  Training time: 4.4s

  Iteration time: 124.2s

============================================================
  Iteration 3/200  (lr=0.010000)
============================================================

  Phase 1: Self-play
  (parallel: 64 games batched)
  Completed 10/100 games (0.2 games/min)
  Completed 20/100 games (0.4 games/min)
  Completed 30/100 games (0.5 games/min)
  Completed 40/100 games (0.7 games/min)
  Completed 50/100 games (0.8 games/min)
  Completed 60/100 games (0.9 games/min)
  Completed 70/100 games (0.7 games/min)
  Completed 80/100 games (0.7 games/min)
  Completed 90/100 games (0.8 games/min)
  Completed 100/100 games (0.9 games/min)
  Generated 101 games in 115.2s (52.6 games/min)
  Avg 96 moves, black won 29/101
  Added 76384 positions (buffer: 50000/50000)
  Self-play time: 115.2s
  Memory after self-play cleanup: RSS=1812MB, CUDA=47MB

  Phase 2: Training (3 epochs)
    Epoch 1: policy=3.5724 value=0.4209 total=3.9932
    Epoch 2: policy=3.2400 value=0.1310 total=3.3710
    Epoch 3: policy=2.9644 value=0.0893 total=3.0537
  Training time: 4.0s

  Iteration time: 120.1s

============================================================
  Iteration 4/200  (lr=0.010000)
============================================================

  Phase 1: Self-play
  (parallel: 64 games batched)
  Completed 10/100 games (0.2 games/min)
  Completed 20/100 games (0.4 games/min)
  Completed 30/100 games (0.5 games/min)
  Completed 40/100 games (0.7 games/min)
  Completed 50/100 games (0.8 games/min)
  Completed 60/100 games (0.9 games/min)
  Completed 70/100 games (0.7 games/min)
  Completed 80/100 games (0.8 games/min)
  Completed 90/100 games (0.8 games/min)
  Completed 100/100 games (0.9 games/min)
  Generated 101 games in 113.8s (53.2 games/min)
  Avg 93 moves, black won 31/101
  Added 74128 positions (buffer: 50000/50000)
  Self-play time: 113.8s
  Memory after self-play cleanup: RSS=1820MB, CUDA=47MB

  Phase 2: Training (3 epochs)
    Epoch 1: policy=3.3192 value=0.4116 total=3.7308
    Epoch 2: policy=3.0194 value=0.1290 total=3.1484
    Epoch 3: policy=2.7826 value=0.0869 total=2.8694
  Training time: 4.4s

  Iteration time: 119.1s

============================================================
  Iteration 5/200  (lr=0.010000)
============================================================

  Phase 1: Self-play
  (parallel: 64 games batched)
  Completed 10/100 games (0.2 games/min)
  Completed 20/100 games (0.4 games/min)
  Completed 30/100 games (0.6 games/min)
  Completed 40/100 games (0.7 games/min)
  Completed 50/100 games (0.8 games/min)
  Completed 60/100 games (1.0 games/min)
  Completed 70/100 games (0.7 games/min)
  Completed 80/100 games (0.8 games/min)
  Completed 90/100 games (0.8 games/min)
  Completed 100/100 games (0.9 games/min)
  Generated 100 games in 110.9s (54.1 games/min)
  Avg 92 moves, black won 37/100
  Added 73440 positions (buffer: 50000/50000)
  Self-play time: 110.9s
  Memory after self-play cleanup: RSS=1824MB, CUDA=47MB

  Phase 2: Training (3 epochs)
    Epoch 1: policy=3.1091 value=0.5114 total=3.6205
    Epoch 2: policy=2.8189 value=0.1517 total=2.9706
    Epoch 3: policy=2.6047 value=0.0999 total=2.7046
  Training time: 4.2s

  Saved checkpoint: checkpoints/model_iter_0005.pt

  Iteration time: 116.0s

============================================================
  Iteration 6/200  (lr=0.010000)
============================================================

  Phase 1: Self-play
  (parallel: 64 games batched)
  Completed 10/100 games (0.2 games/min)
  Completed 20/100 games (0.4 games/min)
  Completed 30/100 games (0.6 games/min)
  Completed 40/100 games (0.7 games/min)
  Completed 50/100 games (0.9 games/min)
  Completed 60/100 games (0.9 games/min)
  Completed 70/100 games (0.7 games/min)
  Completed 80/100 games (0.8 games/min)
  Completed 90/100 games (0.9 games/min)
  Completed 100/100 games (0.9 games/min)
  Generated 100 games in 107.2s (56.0 games/min)
  Avg 90 moves, black won 43/100
  Added 71928 positions (buffer: 50000/50000)
  Self-play time: 107.2s
  Memory after self-play cleanup: RSS=1829MB, CUDA=47MB

  Phase 2: Training (3 epochs)
    Epoch 1: policy=3.1030 value=0.4466 total=3.5496
    Epoch 2: policy=2.8002 value=0.1405 total=2.9407
    Epoch 3: policy=2.5755 value=0.0968 total=2.6722
  Training time: 4.2s

  Iteration time: 112.2s

============================================================
  Iteration 7/200  (lr=0.010000)
============================================================

  Phase 1: Self-play
  (parallel: 64 games batched)
  Completed 10/100 games (0.2 games/min)
  Completed 20/100 games (0.4 games/min)
  Completed 30/100 games (0.5 games/min)
  Completed 40/100 games (0.7 games/min)
  Completed 50/100 games (0.8 games/min)
  Completed 60/100 games (0.9 games/min)
  Completed 70/100 games (0.7 games/min)
  Completed 80/100 games (0.7 games/min)
  Completed 90/100 games (0.8 games/min)
  Completed 100/100 games (0.9 games/min)
  Generated 100 games in 113.6s (52.8 games/min)
  Avg 94 moves, black won 56/100
  Added 75488 positions (buffer: 50000/50000)
  Self-play time: 113.6s
  Memory after self-play cleanup: RSS=1836MB, CUDA=47MB

  Phase 2: Training (3 epochs)
    Epoch 1: policy=2.8518 value=0.4103 total=3.2622
    Epoch 2: policy=2.5626 value=0.1271 total=2.6897
    Epoch 3: policy=2.3433 value=0.0905 total=2.4338
  Training time: 4.1s

  Iteration time: 118.6s

============================================================
  Iteration 8/200  (lr=0.010000)
============================================================

  Phase 1: Self-play
  (parallel: 64 games batched)
  Completed 10/100 games (0.2 games/min)
  Completed 20/100 games (0.4 games/min)
  Completed 30/100 games (0.6 games/min)
  Completed 40/100 games (0.8 games/min)
  Completed 50/100 games (0.9 games/min)
  Completed 60/100 games (1.0 games/min)
  Completed 70/100 games (0.7 games/min)
  Completed 80/100 games (0.8 games/min)
  Completed 90/100 games (0.9 games/min)
  Completed 100/100 games (0.9 games/min)
  Generated 100 games in 105.4s (56.9 games/min)
  Avg 94 moves, black won 62/100
  Added 74808 positions (buffer: 50000/50000)
  Self-play time: 105.4s
  Memory after self-play cleanup: RSS=1841MB, CUDA=47MB

  Phase 2: Training (3 epochs)
    Epoch 1: policy=2.6013 value=0.4604 total=3.0616
    Epoch 2: policy=2.3404 value=0.1477 total=2.4881
    Epoch 3: policy=2.1283 value=0.0949 total=2.2232
  Training time: 4.6s

  Iteration time: 110.8s

============================================================
  Iteration 9/200  (lr=0.010000)
============================================================

  Phase 1: Self-play
  (parallel: 64 games batched)
  Completed 10/100 games (0.2 games/min)
  Completed 20/100 games (0.4 games/min)
  Completed 30/100 games (0.6 games/min)
  Completed 40/100 games (0.8 games/min)
  Completed 50/100 games (0.9 games/min)
  Completed 60/100 games (1.0 games/min)
  Completed 70/100 games (0.7 games/min)
  Completed 80/100 games (0.8 games/min)
  Completed 90/100 games (0.9 games/min)
  Completed 100/100 games (0.9 games/min)
  Generated 100 games in 109.1s (55.0 games/min)
  Avg 93 moves, black won 66/100
  Added 74504 positions (buffer: 50000/50000)
  Self-play time: 109.1s
  Memory after self-play cleanup: RSS=1846MB, CUDA=47MB

  Phase 2: Training (3 epochs)
    Epoch 1: policy=2.6081 value=0.4005 total=3.0086
    Epoch 2: policy=2.3269 value=0.1306 total=2.4576
    Epoch 3: policy=2.1343 value=0.0973 total=2.2316
  Training time: 4.7s

  Iteration time: 114.7s

============================================================
  Iteration 10/200  (lr=0.010000)
============================================================

  Phase 1: Self-play
  (parallel: 64 games batched)
  Completed 10/100 games (0.2 games/min)
  Completed 20/100 games (0.4 games/min)
  Completed 30/100 games (0.5 games/min)
  Completed 40/100 games (0.7 games/min)
  Completed 50/100 games (0.8 games/min)
  Completed 60/100 games (0.9 games/min)
  Completed 70/100 games (0.7 games/min)
  Completed 80/100 games (0.7 games/min)
  Completed 90/100 games (0.8 games/min)
  Completed 100/100 games (0.9 games/min)
  Generated 100 games in 116.4s (51.5 games/min)
  Avg 95 moves, black won 56/100
  Added 76368 positions (buffer: 50000/50000)
  Self-play time: 116.5s
  Memory after self-play cleanup: RSS=1855MB, CUDA=47MB

  Phase 2: Training (3 epochs)
    Epoch 1: policy=2.5386 value=0.4702 total=3.0087
    Epoch 2: policy=2.2720 value=0.1684 total=2.4404
    Epoch 3: policy=2.0773 value=0.1136 total=2.1910
  Training time: 4.7s

  Saved checkpoint: checkpoints/model_iter_0010.pt

  Iteration time: 122.0s

============================================================
  Iteration 11/200  (lr=0.010000)
============================================================

  Phase 1: Self-play
  (parallel: 64 games batched)
  Completed 10/100 games (0.2 games/min)
  Completed 20/100 games (0.4 games/min)
  Completed 30/100 games (0.5 games/min)
  Completed 40/100 games (0.7 games/min)
  Completed 50/100 games (0.8 games/min)
  Completed 60/100 games (0.9 games/min)
  Completed 70/100 games (0.7 games/min)
  Completed 80/100 games (0.7 games/min)
  Completed 90/100 games (0.8 games/min)
  Completed 100/100 games (0.9 games/min)
  Generated 100 games in 114.0s (52.6 games/min)
  Avg 94 moves, black won 52/100
  Added 75584 positions (buffer: 50000/50000)
  Self-play time: 114.0s
  Memory after self-play cleanup: RSS=1859MB, CUDA=47MB

  Phase 2: Training (3 epochs)
    Epoch 1: policy=2.6834 value=0.4051 total=3.0885
    Epoch 2: policy=2.4065 value=0.1280 total=2.5344
    Epoch 3: policy=2.2011 value=0.0876 total=2.2887
  Training time: 4.7s

  Iteration time: 119.6s

============================================================
  Iteration 12/200  (lr=0.010000)
============================================================

  Phase 1: Self-play
  (parallel: 64 games batched)
  Completed 10/100 games (0.2 games/min)
  Completed 20/100 games (0.4 games/min)
  Completed 30/100 games (0.6 games/min)
  Completed 40/100 games (0.7 games/min)
  Completed 50/100 games (0.9 games/min)
  Completed 60/100 games (1.0 games/min)
  Completed 70/100 games (0.7 games/min)
  Completed 80/100 games (0.8 games/min)
  Completed 90/100 games (0.8 games/min)
  Completed 100/100 games (0.9 games/min)
  Generated 102 games in 113.2s (54.0 games/min)
  Avg 99 moves, black won 48/102
  Added 79368 positions (buffer: 50000/50000)
  Self-play time: 113.2s
  Memory after self-play cleanup: RSS=1866MB, CUDA=47MB

  Phase 2: Training (3 epochs)
    Epoch 1: policy=2.5837 value=0.4591 total=3.0428
    Epoch 2: policy=2.3099 value=0.1468 total=2.4567
    Epoch 3: policy=2.0977 value=0.0855 total=2.1832
  Training time: 4.4s

  Iteration time: 118.6s

============================================================
  Iteration 13/200  (lr=0.010000)
============================================================

  Phase 1: Self-play
  (parallel: 64 games batched)
  Completed 10/100 games (0.2 games/min)
  Completed 20/100 games (0.4 games/min)
  Completed 30/100 games (0.5 games/min)
  Completed 40/100 games (0.7 games/min)
  Completed 50/100 games (0.8 games/min)
  Completed 60/100 games (0.9 games/min)
  Completed 70/100 games (0.7 games/min)
  Completed 80/100 games (0.7 games/min)
  Completed 90/100 games (0.8 games/min)
  Completed 100/100 games (0.9 games/min)
  Generated 102 games in 116.9s (52.3 games/min)
  Avg 96 moves, black won 37/102
  Added 76528 positions (buffer: 50000/50000)
  Self-play time: 116.9s
  Memory after self-play cleanup: RSS=1871MB, CUDA=47MB

  Phase 2: Training (3 epochs)
    Epoch 1: policy=2.5857 value=0.3871 total=2.9728
    Epoch 2: policy=2.3063 value=0.1114 total=2.4177
    Epoch 3: policy=2.0899 value=0.0680 total=2.1578
  Training time: 4.7s

  Iteration time: 122.5s

============================================================
  Iteration 14/200  (lr=0.010000)
============================================================

  Phase 1: Self-play
  (parallel: 64 games batched)
  Completed 10/100 games (0.2 games/min)
  Completed 20/100 games (0.4 games/min)
  Completed 30/100 games (0.6 games/min)
  Completed 40/100 games (0.7 games/min)
  Completed 50/100 games (0.8 games/min)
  Completed 60/100 games (0.9 games/min)
  Completed 70/100 games (0.7 games/min)
  Completed 80/100 games (0.7 games/min)
  Completed 90/100 games (0.8 games/min)
  Completed 100/100 games (0.9 games/min)
  Generated 101 games in 112.4s (53.9 games/min)
  Avg 93 moves, black won 27/101
  Added 74560 positions (buffer: 50000/50000)
  Self-play time: 112.4s
  Memory after self-play cleanup: RSS=1873MB, CUDA=47MB

  Phase 2: Training (3 epochs)
    Epoch 1: policy=2.4921 value=0.3646 total=2.8567
    Epoch 2: policy=2.2232 value=0.1310 total=2.3543
    Epoch 3: policy=2.0113 value=0.0770 total=2.0883
  Training time: 4.2s

  Iteration time: 117.5s

============================================================
  Iteration 15/200  (lr=0.010000)
============================================================

  Phase 1: Self-play
  (parallel: 64 games batched)
  Completed 10/100 games (0.2 games/min)
  Completed 20/100 games (0.4 games/min)
  Completed 30/100 games (0.5 games/min)
  Completed 40/100 games (0.7 games/min)
  Completed 50/100 games (0.9 games/min)
  Completed 60/100 games (1.0 games/min)
  Completed 70/100 games (0.7 games/min)
  Completed 80/100 games (0.8 games/min)
  Completed 90/100 games (0.8 games/min)
  Completed 100/100 games (0.9 games/min)
  Generated 102 games in 112.5s (54.4 games/min)
  Avg 93 moves, black won 25/102
  Added 74600 positions (buffer: 50000/50000)
  Self-play time: 112.5s
  Memory after self-play cleanup: RSS=1881MB, CUDA=47MB

  Phase 2: Training (3 epochs)
    Epoch 1: policy=2.4172 value=0.3636 total=2.7808
    Epoch 2: policy=2.1773 value=0.1279 total=2.3051
    Epoch 3: policy=1.9632 value=0.0789 total=2.0421
  Training time: 4.6s

  Saved checkpoint: checkpoints/model_iter_0015.pt

  Iteration time: 118.0s

============================================================
  Iteration 16/200  (lr=0.010000)
============================================================

  Phase 1: Self-play
  (parallel: 64 games batched)
  Completed 10/100 games (0.2 games/min)
  Completed 20/100 games (0.4 games/min)
  Completed 30/100 games (0.6 games/min)
  Completed 40/100 games (0.8 games/min)
  Completed 50/100 games (0.9 games/min)
  Completed 60/100 games (1.1 games/min)
  Completed 70/100 games (0.8 games/min)
  Completed 80/100 games (0.8 games/min)
  Completed 90/100 games (0.9 games/min)
  Completed 100/100 games (1.0 games/min)
  Generated 101 games in 103.3s (58.7 games/min)
  Avg 93 moves, black won 38/101
  Added 74184 positions (buffer: 50000/50000)
  Self-play time: 103.3s
  Memory after self-play cleanup: RSS=1887MB, CUDA=47MB

  Phase 2: Training (3 epochs)
    Epoch 1: policy=2.2723 value=0.4276 total=2.6999
    Epoch 2: policy=2.0326 value=0.1328 total=2.1654
    Epoch 3: policy=1.8362 value=0.0855 total=1.9216
  Training time: 4.7s

  Iteration time: 108.9s

============================================================
  Iteration 17/200  (lr=0.010000)
============================================================

  Phase 1: Self-play
  (parallel: 64 games batched)
